******************************************************************************
                  TI ARM Linker Unix v18.12.4                  
******************************************************************************
>> Linked Mon Dec 23 14:06:00 2019

OUTPUT FILE NAME:   <arcade.out>
ENTRY POINT SYMBOL: "_c_int00_noinit_noargs"  address: 00000825


MEMORY CONFIGURATION

         name            origin    length      used     unused   attr    fill
----------------------  --------  ---------  --------  --------  ----  --------
  FLASH                 00000000   00040000  00000864  0003f79c  R  X
  SRAM                  20000000   00008000  00000200  00007e00  RW X


SEGMENT ALLOCATION MAP

run origin  load origin   length   init length attrs members
----------  ----------- ---------- ----------- ----- -------
00000000    00000000    00000864   00000864    r-x
  00000000    00000000    0000026c   0000026c    r-- .intvecs
  0000026c    0000026c    000005f8   000005f8    r-x .text
20000000    20000000    00000200   00000000    rw-
  20000000    20000000    00000200   00000000    rw- .stack


SECTION ALLOCATION MAP

 output                                  attributes/
section   page    origin      length       input sections
--------  ----  ----------  ----------   ----------------
.intvecs   0    00000000    0000026c     
                  00000000    0000026c     tm4c123gh6pm_startup_ccs.obj (.intvecs)

.text      0    0000026c    000005f8     
                  0000026c    000004d4     lcd.obj (.text)
                  00000740    0000008c     timer.obj (.text)
                  000007cc    00000058     main.obj (.text)
                  00000824    0000002c     rtsv7M4_T_le_v4SPD16_eabi.lib : boot_cortex_m.c.obj (.text:_c_int00_noinit_noargs:_c_int00_noinit_noargs)
                  00000850    0000000c     tm4c123gh6pm_startup_ccs.obj (.text)
                  0000085c    00000004     rtsv7M4_T_le_v4SPD16_eabi.lib : pre_init.c.obj (.text:_system_pre_init)
                  00000860    00000004                                   : exit.c.obj (.text:abort:abort)

.cinit     0    00000000    00000000     UNINITIALIZED

.init_array 
*          0    00000000    00000000     UNINITIALIZED

.stack     0    20000000    00000200     UNINITIALIZED
                  20000000    00000004     rtsv7M4_T_le_v4SPD16_eabi.lib : boot_cortex_m.c.obj (.stack)
                  20000004    000001fc     --HOLE--

MODULE SUMMARY

       Module                         code   ro data   rw data
       ------                         ----   -------   -------
    ./
       lcd.obj                        1236   0         0      
       tm4c123gh6pm_startup_ccs.obj   12     620       0      
       timer.obj                      140    0         0      
       main.obj                       88     0         0      
    +--+------------------------------+------+---------+---------+
       Total:                         1476   620       0      
                                                              
    /home/amarias/ti/ccs920/ccs/tools/compiler/ti-cgt-arm_18.12.4.LTS/lib/rtsv7M4_T_le_v4SPD16_eabi.lib
       boot_cortex_m.c.obj            44     0         0      
       exit.c.obj                     4      0         0      
       pre_init.c.obj                 4      0         0      
    +--+------------------------------+------+---------+---------+
       Total:                         52     0         0      
                                                              
       Stack:                         0      0         512    
    +--+------------------------------+------+---------+---------+
       Grand Total:                   1528   620       512    


GLOBAL SYMBOLS: SORTED ALPHABETICALLY BY Name 

address   name                  
-------   ----                  
00000861  C$$EXIT               
00000851  ResetISR              
20000200  __STACK_END           
00000200  __STACK_SIZE          
20000200  __STACK_TOP           
ffffffff  __TI_pprof_out_hndl   
ffffffff  __TI_prof_data_size   
ffffffff  __TI_prof_data_start  
00000000  __TI_static_base__    
ffffffff  __binit__             
ffffffff  __c_args__            
UNDEFED   __mpu_init            
20000000  __stack               
00000825  _c_int00_noinit_noargs
0000085d  _system_pre_init      
00000861  abort                 
ffffffff  binit                 
00000309  clearDisplay          
0000036f  drawA                 
00000581  drawLogo              
000004bf  drawM                 
00000337  drawPixel             
00000363  drawSpace             
000003ff  drawa                 
00000477  drawl                 
00000000  g_pfnVectors          
000007cd  greenLED              
000006d3  initLCD               
00000645  initSSI               
00000741  initTimer             
00000807  main                  
00000639  menu                  
000002a9  reset                 
000002c7  setAddress            
000007ed  setup                 
0000026d  transmitData          
00000765  wait_1ms              
00000797  wait_1s               


GLOBAL SYMBOLS: SORTED BY Symbol Address 

address   name                  
-------   ----                  
00000000  __TI_static_base__    
00000000  g_pfnVectors          
00000200  __STACK_SIZE          
0000026d  transmitData          
000002a9  reset                 
000002c7  setAddress            
00000309  clearDisplay          
00000337  drawPixel             
00000363  drawSpace             
0000036f  drawA                 
000003ff  drawa                 
00000477  drawl                 
000004bf  drawM                 
00000581  drawLogo              
00000639  menu                  
00000645  initSSI               
000006d3  initLCD               
00000741  initTimer             
00000765  wait_1ms              
00000797  wait_1s               
000007cd  greenLED              
000007ed  setup                 
00000807  main                  
00000825  _c_int00_noinit_noargs
00000851  ResetISR              
0000085d  _system_pre_init      
00000861  C$$EXIT               
00000861  abort                 
20000000  __stack               
20000200  __STACK_END           
20000200  __STACK_TOP           
ffffffff  __TI_pprof_out_hndl   
ffffffff  __TI_prof_data_size   
ffffffff  __TI_prof_data_start  
ffffffff  __binit__             
ffffffff  __c_args__            
ffffffff  binit                 
UNDEFED   __mpu_init            

[38 symbols]
