******************************************************************************
                  TI ARM Linker Unix v18.12.4                  
******************************************************************************
>> Linked Mon Dec  9 14:49:12 2019

OUTPUT FILE NAME:   <arcade.out>
ENTRY POINT SYMBOL: "_c_int00_noinit_noargs"  address: 00000661


MEMORY CONFIGURATION

         name            origin    length      used     unused   attr    fill
----------------------  --------  ---------  --------  --------  ----  --------
  FLASH                 00000000   00040000  000006a0  0003f960  R  X
  SRAM                  20000000   00008000  00000200  00007e00  RW X


SEGMENT ALLOCATION MAP

run origin  load origin   length   init length attrs members
----------  ----------- ---------- ----------- ----- -------
00000000    00000000    000006a0   000006a0    r-x
  00000000    00000000    0000026c   0000026c    r-- .intvecs
  0000026c    0000026c    00000434   00000434    r-x .text
20000000    20000000    00000200   00000000    rw-
  20000000    20000000    00000200   00000000    rw- .stack


SECTION ALLOCATION MAP

 output                                  attributes/
section   page    origin      length       input sections
--------  ----  ----------  ----------   ----------------
.intvecs   0    00000000    0000026c     
                  00000000    0000026c     tm4c123gh6pm_startup_ccs.obj (.intvecs)

.text      0    0000026c    00000434     
                  0000026c    00000338     lcd.obj (.text)
                  000005a4    00000064     timer.obj (.text)
                  00000608    00000058     main.obj (.text)
                  00000660    0000002c     rtsv7M4_T_le_v4SPD16_eabi.lib : boot_cortex_m.c.obj (.text:_c_int00_noinit_noargs:_c_int00_noinit_noargs)
                  0000068c    0000000c     tm4c123gh6pm_startup_ccs.obj (.text)
                  00000698    00000004     rtsv7M4_T_le_v4SPD16_eabi.lib : pre_init.c.obj (.text:_system_pre_init)
                  0000069c    00000004                                   : exit.c.obj (.text:abort:abort)

.cinit     0    00000000    00000000     UNINITIALIZED

.init_array 
*          0    00000000    00000000     UNINITIALIZED

.stack     0    20000000    00000200     UNINITIALIZED
                  20000000    00000004     rtsv7M4_T_le_v4SPD16_eabi.lib : boot_cortex_m.c.obj (.stack)
                  20000004    000001fc     --HOLE--

MODULE SUMMARY

       Module                         code   ro data   rw data
       ------                         ----   -------   -------
    ./
       lcd.obj                        824    0         0      
       tm4c123gh6pm_startup_ccs.obj   12     620       0      
       timer.obj                      100    0         0      
       main.obj                       88     0         0      
    +--+------------------------------+------+---------+---------+
       Total:                         1024   620       0      
                                                              
    /home/amarias/ti/ccs920/ccs/tools/compiler/ti-cgt-arm_18.12.4.LTS/lib/rtsv7M4_T_le_v4SPD16_eabi.lib
       boot_cortex_m.c.obj            44     0         0      
       exit.c.obj                     4      0         0      
       pre_init.c.obj                 4      0         0      
    +--+------------------------------+------+---------+---------+
       Total:                         52     0         0      
                                                              
       Stack:                         0      0         512    
    +--+------------------------------+------+---------+---------+
       Grand Total:                   1076   620       512    


GLOBAL SYMBOLS: SORTED ALPHABETICALLY BY Name 

address   name                  
-------   ----                  
0000069d  C$$EXIT               
0000068d  ResetISR              
20000200  __STACK_END           
00000200  __STACK_SIZE          
20000200  __STACK_TOP           
ffffffff  __TI_pprof_out_hndl   
ffffffff  __TI_prof_data_size   
ffffffff  __TI_prof_data_start  
00000000  __TI_static_base__    
ffffffff  __binit__             
ffffffff  __c_args__            
UNDEFED   __mpu_init            
20000000  __stack               
00000661  _c_int00_noinit_noargs
00000699  _system_pre_init      
0000069d  abort                 
ffffffff  binit                 
00000309  clearDisplay          
00000337  drawA                 
00000483  drawLogo              
000003c7  drawM                 
00000000  g_pfnVectors          
00000609  greenLED              
00000535  initLCD               
000004b1  initSSI               
000005a5  initTimer             
00000643  main                  
000004af  menu                  
000002a9  reset                 
000002c7  setAddress            
00000629  setup                 
0000026d  transmitData          
000005c9  wait_1ms              


GLOBAL SYMBOLS: SORTED BY Symbol Address 

address   name                  
-------   ----                  
00000000  __TI_static_base__    
00000000  g_pfnVectors          
00000200  __STACK_SIZE          
0000026d  transmitData          
000002a9  reset                 
000002c7  setAddress            
00000309  clearDisplay          
00000337  drawA                 
000003c7  drawM                 
00000483  drawLogo              
000004af  menu                  
000004b1  initSSI               
00000535  initLCD               
000005a5  initTimer             
000005c9  wait_1ms              
00000609  greenLED              
00000629  setup                 
00000643  main                  
00000661  _c_int00_noinit_noargs
0000068d  ResetISR              
00000699  _system_pre_init      
0000069d  C$$EXIT               
0000069d  abort                 
20000000  __stack               
20000200  __STACK_END           
20000200  __STACK_TOP           
ffffffff  __TI_pprof_out_hndl   
ffffffff  __TI_prof_data_size   
ffffffff  __TI_prof_data_start  
ffffffff  __binit__             
ffffffff  __c_args__            
ffffffff  binit                 
UNDEFED   __mpu_init            

[33 symbols]
